Release 12.3 - xst M.70d (nt64)
Copyright (c) 1995-2010 Xilinx, Inc.  All rights reserved.
--> Parameter TMPDIR set to xst/projnav.tmp


Total REAL time to Xst completion: 1.00 secs
Total CPU time to Xst completion: 0.12 secs
 
--> Parameter xsthdpdir set to xst


Total REAL time to Xst completion: 1.00 secs
Total CPU time to Xst completion: 0.12 secs
 
--> Reading design: Parking.prj

TABLE OF CONTENTS
  1) Synthesis Options Summary
  2) HDL Parsing
  3) HDL Elaboration
  4) HDL Synthesis
       4.1) HDL Synthesis Report
  5) Advanced HDL Synthesis
       5.1) Advanced HDL Synthesis Report
  6) Low Level Synthesis
  7) Partition Report
  8) Design Summary
       8.1) Primitive and Black Box Usage
       8.2) Device utilization summary
       8.3) Partition Resource Summary
       8.4) Timing Report
            8.4.1) Clock Information
            8.4.2) Asynchronous Control Signals Information
            8.4.3) Timing Summary
            8.4.4) Timing Details
            8.4.5) Cross Clock Domains Report


=========================================================================
*                      Synthesis Options Summary                        *
=========================================================================
---- Source Parameters
Input File Name                    : "Parking.prj"
Input Format                       : mixed
Ignore Synthesis Constraint File   : NO

---- Target Parameters
Output File Name                   : "Parking"
Output Format                      : NGC
Target Device                      : xc6slx9-3-ftg256

---- Source Options
Top Module Name                    : Parking
Automatic FSM Extraction           : YES
FSM Encoding Algorithm             : Auto
Safe Implementation                : No
FSM Style                          : LUT
RAM Extraction                     : Yes
RAM Style                          : Auto
ROM Extraction                     : Yes
Shift Register Extraction          : YES
ROM Style                          : Auto
Resource Sharing                   : YES
Asynchronous To Synchronous        : NO
Shift Register Minimum Size        : 2
Use DSP Block                      : Auto
Automatic Register Balancing       : No

---- Target Options
LUT Combining                      : Auto
Reduce Control Sets                : Auto
Add IO Buffers                     : YES
Global Maximum Fanout              : 100000
Add Generic Clock Buffer(BUFG)     : 16
Register Duplication               : YES
Optimize Instantiated Primitives   : NO
Use Clock Enable                   : Auto
Use Synchronous Set                : Auto
Use Synchronous Reset              : Auto
Pack IO Registers into IOBs        : Auto
Equivalent register Removal        : YES

---- General Options
Optimization Goal                  : Speed
Optimization Effort                : 1
Power Reduction                    : NO
Keep Hierarchy                     : No
Netlist Hierarchy                  : As_Optimized
RTL Output                         : Yes
Global Optimization                : AllClockNets
Read Cores                         : YES
Write Timing Constraints           : NO
Cross Clock Analysis               : NO
Hierarchy Separator                : /
Bus Delimiter                      : <>
Case Specifier                     : Maintain
Slice Utilization Ratio            : 100
BRAM Utilization Ratio             : 100
DSP48 Utilization Ratio            : 100
Auto BRAM Packing                  : NO
Slice Utilization Ratio Delta      : 5

=========================================================================


=========================================================================
*                          HDL Parsing                                  *
=========================================================================
Analyzing Verilog file \"\Users\Muhammad Ali khan\DSD\final\../lab8a/Lock_SD.v\" into library work
Parsing module <Clk_Div>.
Parsing module <D_FF>.
Parsing module <Parking>.
Parsing module <Seven_Seg_Decoder>.
Parsing module <Sync>.
Parsing module <Pulse>.

=========================================================================
*                            HDL Elaboration                            *
=========================================================================

Elaborating module <Parking>.

Elaborating module <Clk_Div>.

Elaborating module <Pulse>.

Elaborating module <Sync>.

Elaborating module <D_FF>.

Elaborating module <Seven_Seg_Decoder>.

=========================================================================
*                           HDL Synthesis                               *
=========================================================================

Synthesizing Unit <Parking>.
    Related source file is "/users/muhammad ali khan/dsd/lab8a/lock_sd.v".
        S0 = 3'b000
        S1 = 3'b001
        S2 = 3'b010
        S3 = 3'b011
        S4 = 3'b100
        S5 = 3'b101
        S6 = 3'b110
    Found 3-bit register for signal <PS>.
    Found 3-bit register for signal <Seg_En>.
INFO:Xst:1799 - State 110 is never reached in FSM <PS>.
    Found finite state machine <FSM_1> for signal <PS>.
    -----------------------------------------------------------------------
    | States             | 7                                              |
    | Transitions        | 12                                             |
    | Inputs             | 1                                              |
    | Outputs            | 3                                              |
    | Clock              | NewCLK (rising_edge)                           |
    | Reset              | RST_INV_10_o (positive)                        |
    | Reset type         | synchronous                                    |
    | Reset State        | 000                                            |
    | Encoding           | auto                                           |
    | Implementation     | LUT                                            |
    -----------------------------------------------------------------------
    HDL ADVISOR - Describing an operational reset or an explicit power-up state for register <Seg_En> would allow inference of a finite state machine and as consequence better performance and smaller area.
    Summary:
	inferred   3 D-type flip-flop(s).
	inferred   1 Finite State Machine(s).
Unit <Parking> synthesized.

Synthesizing Unit <Clk_Div>.
    Related source file is "/users/muhammad ali khan/dsd/lab8a/lock_sd.v".
    Found 1-bit register for signal <NewCLK>.
    Found 32-bit register for signal <CNT>.
    Found 32-bit adder for signal <CNT[31]_GND_2_o_add_1_OUT> created at line 15.
    Summary:
	inferred   1 Adder/Subtractor(s).
	inferred  33 D-type flip-flop(s).
	inferred   3 Multiplexer(s).
Unit <Clk_Div> synthesized.

Synthesizing Unit <Pulse>.
    Related source file is "/users/muhammad ali khan/dsd/lab8a/lock_sd.v".
        S0 = 0
        S1 = 1
    Found 1-bit register for signal <PS>.
    Summary:
	inferred   1 D-type flip-flop(s).
	inferred   1 Multiplexer(s).
Unit <Pulse> synthesized.

Synthesizing Unit <Sync>.
    Related source file is "/users/muhammad ali khan/dsd/lab8a/lock_sd.v".
    Summary:
	no macro.
Unit <Sync> synthesized.

Synthesizing Unit <D_FF>.
    Related source file is "/users/muhammad ali khan/dsd/lab8a/lock_sd.v".
    Found 1-bit register for signal <q>.
    Summary:
	inferred   1 D-type flip-flop(s).
Unit <D_FF> synthesized.

Synthesizing Unit <Seven_Seg_Decoder>.
    Related source file is "/users/muhammad ali khan/dsd/lab8a/lock_sd.v".
    Found 16x7-bit Read Only RAM for signal <out>
    Summary:
	inferred   1 RAM(s).
Unit <Seven_Seg_Decoder> synthesized.

=========================================================================
HDL Synthesis Report

Macro Statistics
# RAMs                                                 : 1
 16x7-bit single-port Read Only RAM                    : 1
# Adders/Subtractors                                   : 1
 32-bit adder                                          : 1
# Registers                                            : 6
 1-bit register                                        : 4
 3-bit register                                        : 1
 32-bit register                                       : 1
# Multiplexers                                         : 4
 1-bit 2-to-1 multiplexer                              : 3
 32-bit 2-to-1 multiplexer                             : 1
# FSMs                                                 : 1

=========================================================================

=========================================================================
*                       Advanced HDL Synthesis                          *
=========================================================================


Synthesizing (advanced) Unit <Clk_Div>.
The following registers are absorbed into counter <CNT>: 1 register on signal <CNT>.
Unit <Clk_Div> synthesized (advanced).

Synthesizing (advanced) Unit <Seven_Seg_Decoder>.
INFO:Xst:3031 - HDL ADVISOR - The RAM <Mram_out> will be implemented on LUTs either because you have described an asynchronous read or because of currently unsupported block RAM features. If you have described an asynchronous read, making it synchronous would allow you to take advantage of available block RAM resources, for optimized device usage and improved timings. Please refer to your documentation for coding guidelines.
    -----------------------------------------------------------------------
    | ram_type           | Distributed                         |          |
    -----------------------------------------------------------------------
    | Port A                                                              |
    |     aspect ratio   | 16-word x 7-bit                     |          |
    |     weA            | connected to signal <GND>           | high     |
    |     addrA          | connected to signal <in>            |          |
    |     diA            | connected to signal <GND>           |          |
    |     doA            | connected to signal <out>           |          |
    -----------------------------------------------------------------------
Unit <Seven_Seg_Decoder> synthesized (advanced).

=========================================================================
Advanced HDL Synthesis Report

Macro Statistics
# RAMs                                                 : 1
 16x7-bit single-port distributed Read Only RAM        : 1
# Adders/Subtractors                                   : 1
 32-bit adder                                          : 1
# Counters                                             : 1
 32-bit up counter                                     : 1
# Registers                                            : 7
 Flip-Flops                                            : 7
# Multiplexers                                         : 3
 1-bit 2-to-1 multiplexer                              : 2
 32-bit 2-to-1 multiplexer                             : 1
# FSMs                                                 : 1

=========================================================================

=========================================================================
*                         Low Level Synthesis                           *
=========================================================================
Analyzing FSM <MFsm> for best encoding.
Optimizing FSM <FSM_1> on signal <PS[1:3]> with user encoding.
-------------------
 State | Encoding
-------------------
 000   | 000
 001   | 001
 010   | 010
 011   | 011
 100   | 100
 101   | 101
 110   | unreached
-------------------

Optimizing unit <Parking> ...

Optimizing unit <Clk_Div> ...

Mapping all equations...
Building and optimizing final netlist ...
Found area constraint ratio of 100 (+ 5) on block Parking, actual ratio is 1.

Final Macro Processing ...

=========================================================================
Final Register Report

Macro Statistics
# Registers                                            : 42
 Flip-Flops                                            : 42

=========================================================================

=========================================================================
*                           Partition Report                            *
=========================================================================

Partition Implementation Status
-------------------------------

  No Partitions were found in this design.

-------------------------------

=========================================================================
*                            Design Summary                             *
=========================================================================

Top Level Output File Name         : Parking.ngc

Primitive and Black Box Usage:
------------------------------
# BELS                             : 217
#      GND                         : 1
#      INV                         : 2
#      LUT1                        : 31
#      LUT2                        : 35
#      LUT3                        : 11
#      LUT4                        : 2
#      LUT5                        : 3
#      LUT6                        : 5
#      MUXCY                       : 62
#      VCC                         : 1
#      XORCY                       : 64
# FlipFlops/Latches                : 42
#      FD                          : 36
#      FDR                         : 6
# Clock Buffers                    : 1
#      BUFGP                       : 1
# IO Buffers                       : 13
#      IBUF                        : 2
#      OBUF                        : 11

Device utilization summary:
---------------------------

Selected Device : 6slx9ftg256-3 


Slice Logic Utilization: 
 Number of Slice Registers:              42  out of  11440     0%  
 Number of Slice LUTs:                   89  out of   5720     1%  
    Number used as Logic:                89  out of   5720     1%  

Slice Logic Distribution: 
 Number of LUT Flip Flop pairs used:     91
   Number with an unused Flip Flop:      49  out of     91    53%  
   Number with an unused LUT:             2  out of     91     2%  
   Number of fully used LUT-FF pairs:    40  out of     91    43%  
   Number of unique control sets:         3

IO Utilization: 
 Number of IOs:                          14
 Number of bonded IOBs:                  14  out of    186     7%  

Specific Feature Utilization:
 Number of BUFG/BUFGCTRLs:                1  out of     16     6%  

---------------------------
Partition Resource Summary:
---------------------------

  No Partitions were found in this design.

---------------------------


=========================================================================
Timing Report

NOTE: THESE TIMING NUMBERS ARE ONLY A SYNTHESIS ESTIMATE.
      FOR ACCURATE TIMING INFORMATION PLEASE REFER TO THE TRACE REPORT
      GENERATED AFTER PLACE-and-ROUTE.

Clock Information:
------------------
-----------------------------------+------------------------+-------+
Clock Signal                       | Clock buffer(FF name)  | Load  |
-----------------------------------+------------------------+-------+
c1/NewCLK                          | NONE(Seg_En_0)         | 9     |
CLK                                | BUFGP                  | 33    |
-----------------------------------+------------------------+-------+
INFO:Xst:2169 - HDL ADVISOR - Some clock signals were not automatically buffered by XST with BUFG/BUFR resources. Please use the buffer_type constraint in order to insert these buffers to the clock signals to help prevent skew problems.

Asynchronous Control Signals Information:
----------------------------------------
No asynchronous control signals found in this design

Timing Summary:
---------------
Speed Grade: -3

   Minimum period: 5.009ns (Maximum Frequency: 199.649MHz)
   Minimum input arrival time before clock: 5.135ns
   Maximum output required time after clock: 5.139ns
   Maximum combinational path delay: No path found

Timing Details:
---------------
All values displayed in nanoseconds (ns)

=========================================================================
Timing constraint: Default period analysis for Clock 'c1/NewCLK'
  Clock period: 2.140ns (frequency: 467.301MHz)
  Total number of paths / destination ports: 24 / 8
-------------------------------------------------------------------------
Delay:               2.140ns (Levels of Logic = 1)
  Source:            PS_FSM_FFd3 (FF)
  Destination:       PS_FSM_FFd2 (FF)
  Source Clock:      c1/NewCLK rising
  Destination Clock: c1/NewCLK rising

  Data Path: PS_FSM_FFd3 to PS_FSM_FFd2
                                Gate     Net
    Cell:in->out      fanout   Delay   Delay  Logical Name (Net Name)
    ----------------------------------------  ------------
     FDR:C->Q             10   0.525   1.287  PS_FSM_FFd3 (PS_FSM_FFd3)
     LUT5:I0->O            1   0.254   0.000  PS_FSM_FFd1-In1 (PS_FSM_FFd1-In)
     FDR:D                     0.074          PS_FSM_FFd1
    ----------------------------------------
    Total                      2.140ns (0.853ns logic, 1.287ns route)
                                       (39.9% logic, 60.1% route)

=========================================================================
Timing constraint: Default period analysis for Clock 'CLK'
  Clock period: 5.009ns (frequency: 199.649MHz)
  Total number of paths / destination ports: 1059 / 33
-------------------------------------------------------------------------
Delay:               5.009ns (Levels of Logic = 14)
  Source:            c1/CNT_0 (FF)
  Destination:       c1/NewCLK (FF)
  Source Clock:      CLK rising
  Destination Clock: CLK rising

  Data Path: c1/CNT_0 to c1/NewCLK
                                Gate     Net
    Cell:in->out      fanout   Delay   Delay  Logical Name (Net Name)
    ----------------------------------------  ------------
     FD:C->Q               2   0.525   0.616  c1/CNT_0 (c1/CNT_0)
     INV:I->O              1   0.255   0.000  c1/Madd_CNT[31]_GND_2_o_add_1_OUT_lut<0>_INV_0 (c1/Madd_CNT[31]_GND_2_o_add_1_OUT_lut<0>)
     MUXCY:S->O            1   0.215   0.000  c1/Madd_CNT[31]_GND_2_o_add_1_OUT_cy<0> (c1/Madd_CNT[31]_GND_2_o_add_1_OUT_cy<0>)
     MUXCY:CI->O           1   0.023   0.000  c1/Madd_CNT[31]_GND_2_o_add_1_OUT_cy<1> (c1/Madd_CNT[31]_GND_2_o_add_1_OUT_cy<1>)
     MUXCY:CI->O           1   0.023   0.000  c1/Madd_CNT[31]_GND_2_o_add_1_OUT_cy<2> (c1/Madd_CNT[31]_GND_2_o_add_1_OUT_cy<2>)
     MUXCY:CI->O           1   0.023   0.000  c1/Madd_CNT[31]_GND_2_o_add_1_OUT_cy<3> (c1/Madd_CNT[31]_GND_2_o_add_1_OUT_cy<3>)
     MUXCY:CI->O           1   0.023   0.000  c1/Madd_CNT[31]_GND_2_o_add_1_OUT_cy<4> (c1/Madd_CNT[31]_GND_2_o_add_1_OUT_cy<4>)
     MUXCY:CI->O           1   0.023   0.000  c1/Madd_CNT[31]_GND_2_o_add_1_OUT_cy<5> (c1/Madd_CNT[31]_GND_2_o_add_1_OUT_cy<5>)
     MUXCY:CI->O           1   0.023   0.000  c1/Madd_CNT[31]_GND_2_o_add_1_OUT_cy<6> (c1/Madd_CNT[31]_GND_2_o_add_1_OUT_cy<6>)
     MUXCY:CI->O           1   0.023   0.000  c1/Madd_CNT[31]_GND_2_o_add_1_OUT_cy<7> (c1/Madd_CNT[31]_GND_2_o_add_1_OUT_cy<7>)
     MUXCY:CI->O           1   0.023   0.000  c1/Madd_CNT[31]_GND_2_o_add_1_OUT_cy<8> (c1/Madd_CNT[31]_GND_2_o_add_1_OUT_cy<8>)
     XORCY:CI->O           1   0.206   1.010  c1/Madd_CNT[31]_GND_2_o_add_1_OUT_xor<9> (c1/CNT[31]_GND_2_o_add_1_OUT<9>)
     LUT6:I1->O            1   0.254   0.580  c1/CNT[31]_GND_2_o_equal_4_o<31>7 (c1/CNT[31]_GND_2_o_equal_4_o<31>6)
     LUT6:I5->O            1   0.254   0.580  c1/CNT[31]_GND_2_o_equal_4_o<31>8_SW1 (N14)
     LUT6:I5->O            1   0.254   0.000  c1/Mmux_NewCLK_NewCLK_MUX_34_o11 (c1/NewCLK_NewCLK_MUX_34_o)
     FD:D                      0.074          c1/NewCLK
    ----------------------------------------
    Total                      5.009ns (2.223ns logic, 2.786ns route)
                                       (44.4% logic, 55.6% route)

=========================================================================
Timing constraint: Default OFFSET IN BEFORE for Clock 'c1/NewCLK'
  Total number of paths / destination ports: 7 / 7
-------------------------------------------------------------------------
Offset:              4.062ns (Levels of Logic = 2)
  Source:            RST (PAD)
  Destination:       p1/PS (FF)
  Destination Clock: c1/NewCLK rising

  Data Path: RST to p1/PS
                                Gate     Net
    Cell:in->out      fanout   Delay   Delay  Logical Name (Net Name)
    ----------------------------------------  ------------
     IBUF:I->O            38   1.228   1.376  RST_IBUF (RST_IBUF)
     INV:I->O              6   0.255   0.744  p1/RST_inv1_INV_0 (p1/RST_inv)
     FDR:R                     0.459          p1/PS
    ----------------------------------------
    Total                      4.062ns (1.942ns logic, 2.120ns route)
                                       (47.8% logic, 52.2% route)

=========================================================================
Timing constraint: Default OFFSET IN BEFORE for Clock 'CLK'
  Total number of paths / destination ports: 564 / 33
-------------------------------------------------------------------------
Offset:              5.135ns (Levels of Logic = 4)
  Source:            RST (PAD)
  Destination:       c1/NewCLK (FF)
  Destination Clock: CLK rising

  Data Path: RST to c1/NewCLK
                                Gate     Net
    Cell:in->out      fanout   Delay   Delay  Logical Name (Net Name)
    ----------------------------------------  ------------
     IBUF:I->O            38   1.228   1.807  RST_IBUF (RST_IBUF)
     LUT5:I0->O            1   0.254   0.688  c1/CNT[31]_GND_2_o_equal_4_o<31>4_SW1 (N19)
     LUT6:I4->O            1   0.250   0.580  c1/CNT[31]_GND_2_o_equal_4_o<31>8_SW1 (N14)
     LUT6:I5->O            1   0.254   0.000  c1/Mmux_NewCLK_NewCLK_MUX_34_o11 (c1/NewCLK_NewCLK_MUX_34_o)
     FD:D                      0.074          c1/NewCLK
    ----------------------------------------
    Total                      5.135ns (2.060ns logic, 3.075ns route)
                                       (40.1% logic, 59.9% route)

=========================================================================
Timing constraint: Default OFFSET OUT AFTER for Clock 'c1/NewCLK'
  Total number of paths / destination ports: 24 / 10
-------------------------------------------------------------------------
Offset:              5.139ns (Levels of Logic = 2)
  Source:            PS_FSM_FFd3 (FF)
  Destination:       Seg_State<5> (PAD)
  Source Clock:      c1/NewCLK rising

  Data Path: PS_FSM_FFd3 to Seg_State<5>
                                Gate     Net
    Cell:in->out      fanout   Delay   Delay  Logical Name (Net Name)
    ----------------------------------------  ------------
     FDR:C->Q             10   0.525   1.085  PS_FSM_FFd3 (PS_FSM_FFd3)
     LUT3:I0->O            1   0.235   0.579  Seg/Mram_out21 (Seg_State_2_OBUF)
     OBUF:I->O                 2.715          Seg_State_2_OBUF (Seg_State<2>)
    ----------------------------------------
    Total                      5.139ns (3.475ns logic, 1.664ns route)
                                       (67.6% logic, 32.4% route)

=========================================================================

Cross Clock Domains Report:
--------------------------

Clock to Setup on destination clock CLK
---------------+---------+---------+---------+---------+
               | Src:Rise| Src:Fall| Src:Rise| Src:Fall|
Source Clock   |Dest:Rise|Dest:Rise|Dest:Fall|Dest:Fall|
---------------+---------+---------+---------+---------+
CLK            |    5.009|         |         |         |
---------------+---------+---------+---------+---------+

Clock to Setup on destination clock c1/NewCLK
---------------+---------+---------+---------+---------+
               | Src:Rise| Src:Fall| Src:Rise| Src:Fall|
Source Clock   |Dest:Rise|Dest:Rise|Dest:Fall|Dest:Fall|
---------------+---------+---------+---------+---------+
c1/NewCLK      |    2.140|         |         |         |
---------------+---------+---------+---------+---------+

=========================================================================


Total REAL time to Xst completion: 5.00 secs
Total CPU time to Xst completion: 4.23 secs
 
--> 

Total memory usage is 4489628 kilobytes

Number of errors   :    0 (   0 filtered)
Number of warnings :    0 (   0 filtered)
Number of infos    :    3 (   0 filtered)

